<html>
<body>
<pre>
<h1>�Vision Build Log</h1>
<h2>Tool Versions:</h2>
IDE-Version: ��Vision V5.43.1.0
Copyright (C) 2025 ARM Ltd and ARM Germany GmbH. All rights reserved.
License Information: 1 1779457, HP Inc., LIC=MPPLD-8GTCF-45ST5-GRL9P-26WJ6-0AQQR
 
Tool Versions:
Toolchain:       MDK-ARM Plus  Version: 5.43.0.0
Toolchain Path:  C:\keil5\core\ARM\ARMCC\Bin
C Compiler:      Armcc.exe V5.06 update 5 (build 528)
Assembler:       Armasm.exe V5.06 update 5 (build 528)
Linker/Locator:  ArmLink.exe V5.06 update 5 (build 528)
Library Manager: ArmAr.exe V5.06 update 5 (build 528)
Hex Converter:   FromElf.exe V5.06 update 5 (build 528)
CPU DLL:         SARMCM3.DLL V5.43.0.0
Dialog DLL:      DCM.DLL V1.17.5.0
Target DLL:      STLink\ST-LINKIII-KEIL_SWO.dll V3.3.1.0
Dialog DLL:      TCM.DLL V1.56.6.0
 
<h2>Project:</h2>
C:\study\FC\TY_FC_RTOS\MDK-ARM\TY_FC_RTOS.uvprojx
Project File Date:  06/07/2026

<h2>Output:</h2>
*** Using Compiler 'V5.06 update 5 (build 528)', folder: 'C:\keil5\core\ARM\ARMCC\Bin'
Rebuild target 'TY_FC_RTOS'
assembling startup_stm32f405xx.s...
compiling usart.c...
compiling i2c.c...
compiling tim.c...
compiling stm32f4xx_it.c...
compiling gpio.c...
compiling spi.c...
compiling Filter.c...
compiling main.c...
../Core/Src/main.c(103): warning:  #223-D: function "NRF_Init" declared implicitly
    NRF_Init();
../Core/Src/main.c(105): warning:  #223-D: function "mpu6050_init" declared implicitly
    mpu6050_init();
../Core/Src/main.c: 2 warnings, 0 errors
compiling freertos.c...
compiling stm32f4xx_hal_timebase_tim.c...
compiling PID.c...
compiling NRF24L01.c...
..\Core\Src\NRF24L01.c(829): warning:  #870-D: invalid multibyte character sequence
      printf("\n=== NRF24L01 接收�? 单端自测开�? ===\r\n");
..\Core\Src\NRF24L01.c(829): warning:  #870-D: invalid multibyte character sequence
      printf("\n=== NRF24L01 接收�? 单端自测开�? ===\r\n");
..\Core\Src\NRF24L01.c(835): warning:  #870-D: invalid multibyte character sequence
      printf("写RF_CH=66后读�?: %d\r\n", reg_val);
..\Core\Src\NRF24L01.c(847): warning:  #870-D: invalid multibyte character sequence
      printf("切到RX模式�? STATUS: 0x%02X\r\n", status_val);
..\Core\Src\NRF24L01.c(854): warning:  #870-D: invalid multibyte character sequence
      printf("4. 接收端硬�?: %s\r\n", (reg_val == 66) ? "可以使用" : "请检查接�?/电源");
..\Core\Src\NRF24L01.c(854): warning:  #870-D: invalid multibyte character sequence
      printf("4. 接收端硬�?: %s\r\n", (reg_val == 66) ? "可以使用" : "请检查接�?/电源");
..\Core\Src\NRF24L01.c: 6 warnings, 0 errors
compiling stm32f4xx_hal_msp.c...
compiling MPU6050_0.c...
..\Core\Src\MPU6050_0.c(55): warning:  #1295-D: Deprecated declaration MPU6050_Calibrate - give arg types
  static void MPU6050_Calibrate();
..\Core\Src\MPU6050_0.c(116): warning:  #870-D: invalid multibyte character sequence
  	printf("MPU6050开始校准，请保持设备静�?...\r\n");
..\Core\Src\MPU6050_0.c(140): warning:  #550-D: variable "ret"  was set but never used
  	HAL_StatusTypeDef ret;
..\Core\Src\MPU6050_0.c: 3 warnings, 0 errors
compiling stm32f4xx_hal_rcc.c...
compiling stm32f4xx_hal_tim_ex.c...
compiling stm32f4xx_hal_tim.c...
compiling stm32f4xx_hal_dma.c...
compiling stm32f4xx_hal_pwr.c...
compiling stm32f4xx_hal_flash.c...
compiling stm32f4xx_hal_flash_ex.c...
compiling stm32f4xx_hal_dma_ex.c...
compiling stm32f4xx_hal_flash_ramfunc.c...
compiling stm32f4xx_hal_rcc_ex.c...
compiling stm32f4xx_hal_gpio.c...
compiling stm32f4xx_hal_i2c_ex.c...
compiling stm32f4xx_hal_pwr_ex.c...
compiling stm32f4xx_hal_exti.c...
compiling stm32f4xx_hal_uart.c...
compiling stm32f4xx_hal.c...
compiling croutine.c...
compiling stm32f4xx_hal_cortex.c...
compiling list.c...
compiling event_groups.c...
compiling stm32f4xx_hal_spi.c...
compiling queue.c...
compiling stream_buffer.c...
compiling timers.c...
compiling heap_4.c...
compiling tasks.c...
compiling port.c...
compiling stm32f4xx_hal_i2c.c...
compiling system_stm32f4xx.c...
compiling cmsis_os2.c...
linking...
Program Size: Code=34132 RO-data=840 RW-data=512 ZI-data=20496  
FromELF: creating hex file...
"TY_FC_RTOS\TY_FC_RTOS.axf" - 0 Error(s), 11 Warning(s).

<h2>Software Packages used:</h2>

Package Vendor: ARM
                https://www.keil.com/pack/ARM.CMSIS.6.2.0.pack
                ARM::CMSIS@6.2.0
                CMSIS (Common Microcontroller Software Interface Standard)
   * Component: CORE Version: 6.1.1

Package Vendor: Keil
                https://www.keil.com/pack/Keil.STM32F4xx_DFP.3.1.1.pack
                Keil::STM32F4xx_DFP@3.1.1
                STMicroelectronics STM32F4 Series Device Support

<h2>Collection of Component include folders:</h2>
  ./RTE/_TY_FC_RTOS
  C:/keil5/packge/ARM/CMSIS/6.2.0/CMSIS/Core/Include

<h2>Collection of Component Files used:</h2>

   * Component: ARM::CMSIS:CORE@6.1.1
      Include file:  CMSIS/Core/Include/tz_context.h
Build Time Elapsed:  00:00:20
</pre>
</body>
</html>
